// Jest Snapshot v1, https://goo.gl/fbAQLP

exports[`WHY should match the snapshot 1`] = `
ShallowWrapper {
  "length": 1,
  Symbol(enzyme.__root__): [Circular],
  Symbol(enzyme.__unrendered__): <Why />,
  Symbol(enzyme.__renderer__): Object {
    "batchedUpdates": [Function],
    "getNode": [Function],
    "render": [Function],
    "simulateEvent": [Function],
    "unmount": [Function],
  },
  Symbol(enzyme.__node__): Object {
    "instance": null,
    "key": undefined,
    "nodeType": "host",
    "props": Object {
      "children": Array [
        <h4>
          Why use a local Farmers Market?
</h4>,
        <h4>
          Reason 9 "Variety"
</h4>,
        <p>
          The farmer’s market offers a dizzying array of fruits and vegetables. Industrial farms tend to grow only a few varieties of popular vegetables. Small local farms, on the other hand, tend to favor variety, offering fruits and vegetables you just won’t be able to find in the produce section of your local supermarket.
</p>,
        <a
          href="https://www.huffingtonpost.com/kimberly-snyder/farmers-market_b_1118572.html"
>
          Kimberly Snyder
</a>,
      ],
      "className": "why",
    },
    "ref": null,
    "rendered": Array [
      Object {
        "instance": null,
        "key": undefined,
        "nodeType": "host",
        "props": Object {
          "children": "Why use a local Farmers Market?",
        },
        "ref": null,
        "rendered": "Why use a local Farmers Market?",
        "type": "h4",
      },
      Object {
        "instance": null,
        "key": undefined,
        "nodeType": "host",
        "props": Object {
          "children": "Reason 9 \\"Variety\\"",
        },
        "ref": null,
        "rendered": "Reason 9 \\"Variety\\"",
        "type": "h4",
      },
      Object {
        "instance": null,
        "key": undefined,
        "nodeType": "host",
        "props": Object {
          "children": "The farmer’s market offers a dizzying array of fruits and vegetables. Industrial farms tend to grow only a few varieties of popular vegetables. Small local farms, on the other hand, tend to favor variety, offering fruits and vegetables you just won’t be able to find in the produce section of your local supermarket.",
        },
        "ref": null,
        "rendered": "The farmer’s market offers a dizzying array of fruits and vegetables. Industrial farms tend to grow only a few varieties of popular vegetables. Small local farms, on the other hand, tend to favor variety, offering fruits and vegetables you just won’t be able to find in the produce section of your local supermarket.",
        "type": "p",
      },
      Object {
        "instance": null,
        "key": undefined,
        "nodeType": "host",
        "props": Object {
          "children": "Kimberly Snyder",
          "href": "https://www.huffingtonpost.com/kimberly-snyder/farmers-market_b_1118572.html",
        },
        "ref": null,
        "rendered": "Kimberly Snyder",
        "type": "a",
      },
    ],
    "type": "div",
  },
  Symbol(enzyme.__nodes__): Array [
    Object {
      "instance": null,
      "key": undefined,
      "nodeType": "host",
      "props": Object {
        "children": Array [
          <h4>
            Why use a local Farmers Market?
</h4>,
          <h4>
            Reason 9 "Variety"
</h4>,
          <p>
            The farmer’s market offers a dizzying array of fruits and vegetables. Industrial farms tend to grow only a few varieties of popular vegetables. Small local farms, on the other hand, tend to favor variety, offering fruits and vegetables you just won’t be able to find in the produce section of your local supermarket.
</p>,
          <a
            href="https://www.huffingtonpost.com/kimberly-snyder/farmers-market_b_1118572.html"
>
            Kimberly Snyder
</a>,
        ],
        "className": "why",
      },
      "ref": null,
      "rendered": Array [
        Object {
          "instance": null,
          "key": undefined,
          "nodeType": "host",
          "props": Object {
            "children": "Why use a local Farmers Market?",
          },
          "ref": null,
          "rendered": "Why use a local Farmers Market?",
          "type": "h4",
        },
        Object {
          "instance": null,
          "key": undefined,
          "nodeType": "host",
          "props": Object {
            "children": "Reason 9 \\"Variety\\"",
          },
          "ref": null,
          "rendered": "Reason 9 \\"Variety\\"",
          "type": "h4",
        },
        Object {
          "instance": null,
          "key": undefined,
          "nodeType": "host",
          "props": Object {
            "children": "The farmer’s market offers a dizzying array of fruits and vegetables. Industrial farms tend to grow only a few varieties of popular vegetables. Small local farms, on the other hand, tend to favor variety, offering fruits and vegetables you just won’t be able to find in the produce section of your local supermarket.",
          },
          "ref": null,
          "rendered": "The farmer’s market offers a dizzying array of fruits and vegetables. Industrial farms tend to grow only a few varieties of popular vegetables. Small local farms, on the other hand, tend to favor variety, offering fruits and vegetables you just won’t be able to find in the produce section of your local supermarket.",
          "type": "p",
        },
        Object {
          "instance": null,
          "key": undefined,
          "nodeType": "host",
          "props": Object {
            "children": "Kimberly Snyder",
            "href": "https://www.huffingtonpost.com/kimberly-snyder/farmers-market_b_1118572.html",
          },
          "ref": null,
          "rendered": "Kimberly Snyder",
          "type": "a",
        },
      ],
      "type": "div",
    },
  ],
  Symbol(enzyme.__options__): Object {
    "adapter": ReactSixteenAdapter {
      "options": Object {
        "enableComponentDidUpdateOnSetState": true,
      },
    },
  },
}
`;
